---
created: "2019-07-23T16:11:48.860949870Z"
creator: insta@0.8.1
source: crates/ra_ide_api/src/completion/completion_item.rs
expression: kind_completions
---
[
    CompletionItem {
        label: "bar",
        source_range: [126; 126),
        delete: [126; 126),
        insert: "bar",
        kind: Binding,
        detail: "i32",
    },
    CompletionItem {
        label: "foo",
        source_range: [126; 126),
        delete: [126; 126),
        insert: "foo()$0",
        kind: Function,
        detail: "fn foo()",
    },
]
