---
created: "2019-07-23T16:11:48.828805910Z"
creator: insta@0.8.1
source: crates/ra_ide_api/src/completion/completion_item.rs
expression: kind_completions
---
[
    CompletionItem {
        label: "a",
        source_range: [214; 214),
        delete: [214; 214),
        insert: "a",
        kind: Binding,
    },
    CompletionItem {
        label: "b",
        source_range: [214; 214),
        delete: [214; 214),
        insert: "b",
        kind: Binding,
        detail: "i32",
    },
    CompletionItem {
        label: "quux",
        source_range: [214; 214),
        delete: [214; 214),
        insert: "quux()$0",
        kind: Function,
        detail: "fn quux()",
    },
]
